Äctensorwatch.lv_types
StreamItem
q )Åq}q(X   valueqK K ÜqX	   exceptionqNX   stream_nameqX   isumsqX
   item_indexqK X   endedq	âX   stream_resetq
âub.Äctensorwatch.lv_types
StreamItem
q )Åq}q(X   valueqK J'/ ÜqX	   exceptionqNX   stream_nameqX   rsumsqX
   item_indexqK X   endedq	âX   stream_resetq
âub.Äctensorwatch.lv_types
StreamItem
q )Åq}q(X   valueqKKÜqX	   exceptionqNX   stream_nameqX   isumsqX
   item_indexqKX   endedq	âX   stream_resetq
âub.Äctensorwatch.lv_types
StreamItem
q )Åq}q(X   valueqKJ¿Ï ÜqX	   exceptionqNX   stream_nameqX   rsumsqX
   item_indexqKX   endedq	âX   stream_resetq
âub.Äctensorwatch.lv_types
StreamItem
q )Åq}q(X   valueqKKÜqX	   exceptionqNX   stream_nameqX   isumsqX
   item_indexqKX   endedq	âX   stream_resetq
âub.Äctensorwatch.lv_types
StreamItem
q )Åq}q(X   valueqKJXH ÜqX	   exceptionqNX   stream_nameqX   rsumsqX
   item_indexqKX   endedq	âX   stream_resetq
âub.Äctensorwatch.lv_types
StreamItem
q )Åq}q(X   valueqKKÜqX	   exceptionqNX   stream_nameqX   isumsqX
   item_indexqKX   endedq	âX   stream_resetq
âub.Äctensorwatch.lv_types
StreamItem
q )Åq}q(X   valueqKJjî ÜqX	   exceptionqNX   stream_nameqX   rsumsqX
   item_indexqKX   endedq	âX   stream_resetq
âub.Äctensorwatch.lv_types
StreamItem
q )Åq}q(X   valueqKK
ÜqX	   exceptionqNX   stream_nameqX   isumsqX
   item_indexqKX   endedq	âX   stream_resetq
âub.Äctensorwatch.lv_types
StreamItem
q )Åq}q(X   valueqKJÍN ÜqX	   exceptionqNX   stream_nameqX   rsumsqX
   item_indexqKX   endedq	âX   stream_resetq
âub.Äctensorwatch.lv_types
StreamItem
q )Åq}q(X   valueqKKÜqX	   exceptionqNX   stream_nameqX   isumsqX
   item_indexqKX   endedq	âX   stream_resetq
âub.Äctensorwatch.lv_types
StreamItem
q )Åq}q(X   valueqKJB$ ÜqX	   exceptionqNX   stream_nameqX   rsumsqX
   item_indexqKX   endedq	âX   stream_resetq
âub.Äctensorwatch.lv_types
StreamItem
q )Åq}q(X   valueqKKÜqX	   exceptionqNX   stream_nameqX   isumsqX
   item_indexqKX   endedq	âX   stream_resetq
âub.Äctensorwatch.lv_types
StreamItem
q )Åq}q(X   valueqKJh·% ÜqX	   exceptionqNX   stream_nameqX   rsumsqX
   item_indexqKX   endedq	âX   stream_resetq
âub.Äctensorwatch.lv_types
StreamItem
q )Åq}q(X   valueqKKÜqX	   exceptionqNX   stream_nameqX   isumsqX
   item_indexqKX   endedq	âX   stream_resetq
âub.Äctensorwatch.lv_types
StreamItem
q )Åq}q(X   valueqKJLì( ÜqX	   exceptionqNX   stream_nameqX   rsumsqX
   item_indexqKX   endedq	âX   stream_resetq
âub.Äctensorwatch.lv_types
StreamItem
q )Åq}q(X   valueqKK$ÜqX	   exceptionqNX   stream_nameqX   isumsqX
   item_indexqKX   endedq	âX   stream_resetq
âub.Äctensorwatch.lv_types
StreamItem
q )Åq}q(X   valueqKJS∂. ÜqX	   exceptionqNX   stream_nameqX   rsumsqX
   item_indexqKX   endedq	âX   stream_resetq
âub.Äctensorwatch.lv_types
StreamItem
q )Åq}q(X   valueqK	K-ÜqX	   exceptionqNX   stream_nameqX   isumsqX
   item_indexqK	X   endedq	âX   stream_resetq
âub.Äctensorwatch.lv_types
StreamItem
q )Åq}q(X   valueqK	Jéﬁ8 ÜqX	   exceptionqNX   stream_nameqX   rsumsqX
   item_indexqK	X   endedq	âX   stream_resetq
âub.Äctensorwatch.lv_types
StreamItem
q )Åq}q(X   valueqK
K7ÜqX	   exceptionqNX   stream_nameqX   isumsqX
   item_indexqK
X   endedq	âX   stream_resetq
âub.Äctensorwatch.lv_types
StreamItem
q )Åq}q(X   valueqK
JÈÏA ÜqX	   exceptionqNX   stream_nameqX   rsumsqX
   item_indexqK
X   endedq	âX   stream_resetq
âub.Äctensorwatch.lv_types
StreamItem
q )Åq}q(X   valueqKKBÜqX	   exceptionqNX   stream_nameqX   isumsqX
   item_indexqKX   endedq	âX   stream_resetq
âub.Äctensorwatch.lv_types
StreamItem
q )Åq}q(X   valueqKJK!C ÜqX	   exceptionqNX   stream_nameqX   rsumsqX
   item_indexqKX   endedq	âX   stream_resetq
âub.Äctensorwatch.lv_types
StreamItem
q )Åq}q(X   valueqKKNÜqX	   exceptionqNX   stream_nameqX   isumsqX
   item_indexqKX   endedq	âX   stream_resetq
âub.Äctensorwatch.lv_types
StreamItem
q )Åq}q(X   valueqKJ6ÏF ÜqX	   exceptionqNX   stream_nameqX   rsumsqX
   item_indexqKX   endedq	âX   stream_resetq
âub.Äctensorwatch.lv_types
StreamItem
q )Åq}q(X   valueqKK[ÜqX	   exceptionqNX   stream_nameqX   isumsqX
   item_indexqKX   endedq	âX   stream_resetq
âub.Äctensorwatch.lv_types
StreamItem
q )Åq}q(X   valueqKJÿJ ÜqX	   exceptionqNX   stream_nameqX   rsumsqX
   item_indexqKX   endedq	âX   stream_resetq
âub.Äctensorwatch.lv_types
StreamItem
q )Åq}q(X   valueqKKiÜqX	   exceptionqNX   stream_nameqX   isumsqX
   item_indexqKX   endedq	âX   stream_resetq
âub.Äctensorwatch.lv_types
StreamItem
q )Åq}q(X   valueqKJ[M ÜqX	   exceptionqNX   stream_nameqX   rsumsqX
   item_indexqKX   endedq	âX   stream_resetq
âub.Äctensorwatch.lv_types
StreamItem
q )Åq}q(X   valueqKKxÜqX	   exceptionqNX   stream_nameqX   isumsqX
   item_indexqKX   endedq	âX   stream_resetq
âub.Äctensorwatch.lv_types
StreamItem
q )Åq}q(X   valueqKJÉVQ ÜqX	   exceptionqNX   stream_nameqX   rsumsqX
   item_indexqKX   endedq	âX   stream_resetq
âub.Äctensorwatch.lv_types
StreamItem
q )Åq}q(X   valueqKKàÜqX	   exceptionqNX   stream_nameqX   isumsqX
   item_indexqKX   endedq	âX   stream_resetq
âub.Äctensorwatch.lv_types
StreamItem
q )Åq}q(X   valueqKJgˆW ÜqX	   exceptionqNX   stream_nameqX   rsumsqX
   item_indexqKX   endedq	âX   stream_resetq
âub.Äctensorwatch.lv_types
StreamItem
q )Åq}q(X   valueqKKôÜqX	   exceptionqNX   stream_nameqX   isumsqX
   item_indexqKX   endedq	âX   stream_resetq
âub.Äctensorwatch.lv_types
StreamItem
q )Åq}q(X   valueqKJü©e ÜqX	   exceptionqNX   stream_nameqX   rsumsqX
   item_indexqKX   endedq	âX   stream_resetq
âub.Äctensorwatch.lv_types
StreamItem
q )Åq}q(X   valueqKK´ÜqX	   exceptionqNX   stream_nameqX   isumsqX
   item_indexqKX   endedq	âX   stream_resetq
âub.Äctensorwatch.lv_types
StreamItem
q )Åq}q(X   valueqKJ!«g ÜqX	   exceptionqNX   stream_nameqX   rsumsqX
   item_indexqKX   endedq	âX   stream_resetq
âub.Äctensorwatch.lv_types
StreamItem
q )Åq}q(X   valueqKKæÜqX	   exceptionqNX   stream_nameqX   isumsqX
   item_indexqKX   endedq	âX   stream_resetq
âub.Äctensorwatch.lv_types
StreamItem
q )Åq}q(X   valueqKJo ÜqX	   exceptionqNX   stream_nameqX   rsumsqX
   item_indexqKX   endedq	âX   stream_resetq
âub.Äctensorwatch.lv_types
StreamItem
q )Åq}q(X   valueqKK“ÜqX	   exceptionqNX   stream_nameqX   isumsqX
   item_indexqKX   endedq	âX   stream_resetq
âub.Äctensorwatch.lv_types
StreamItem
q )Åq}q(X   valueqKJ2ä} ÜqX	   exceptionqNX   stream_nameqX   rsumsqX
   item_indexqKX   endedq	âX   stream_resetq
âub.Äctensorwatch.lv_types
StreamItem
q )Åq}q(X   valueqKKÁÜqX	   exceptionqNX   stream_nameqX   isumsqX
   item_indexqKX   endedq	âX   stream_resetq
âub.Äctensorwatch.lv_types
StreamItem
q )Åq}q(X   valueqKJ(◊à ÜqX	   exceptionqNX   stream_nameqX   rsumsqX
   item_indexqKX   endedq	âX   stream_resetq
âub.Äctensorwatch.lv_types
StreamItem
q )Åq}q(X   valueqKK˝ÜqX	   exceptionqNX   stream_nameqX   isumsqX
   item_indexqKX   endedq	âX   stream_resetq
âub.Äctensorwatch.lv_types
StreamItem
q )Åq}q(X   valueqKJCâ ÜqX	   exceptionqNX   stream_nameqX   rsumsqX
   item_indexqKX   endedq	âX   stream_resetq
âub.Äctensorwatch.lv_types
StreamItem
q )Åq}q(X   valueqKMÜqX	   exceptionqNX   stream_nameqX   isumsqX
   item_indexqKX   endedq	âX   stream_resetq
âub.Äctensorwatch.lv_types
StreamItem
q )Åq}q(X   valueqKJpYì ÜqX	   exceptionqNX   stream_nameqX   rsumsqX
   item_indexqKX   endedq	âX   stream_resetq
âub.Äctensorwatch.lv_types
StreamItem
q )Åq}q(X   valueqKM,ÜqX	   exceptionqNX   stream_nameqX   isumsqX
   item_indexqKX   endedq	âX   stream_resetq
âub.Äctensorwatch.lv_types
StreamItem
q )Åq}q(X   valueqKJ≠Mô ÜqX	   exceptionqNX   stream_nameqX   rsumsqX
   item_indexqKX   endedq	âX   stream_resetq
âub.Äctensorwatch.lv_types
StreamItem
q )Åq}q(X   valueqKMEÜqX	   exceptionqNX   stream_nameqX   isumsqX
   item_indexqKX   endedq	âX   stream_resetq
âub.Äctensorwatch.lv_types
StreamItem
q )Åq}q(X   valueqKJ]O¶ ÜqX	   exceptionqNX   stream_nameqX   rsumsqX
   item_indexqKX   endedq	âX   stream_resetq
âub.Äctensorwatch.lv_types
StreamItem
q )Åq}q(X   valueqKM_ÜqX	   exceptionqNX   stream_nameqX   isumsqX
   item_indexqKX   endedq	âX   stream_resetq
âub.Äctensorwatch.lv_types
StreamItem
q )Åq}q(X   valueqKJÉÖ¨ ÜqX	   exceptionqNX   stream_nameqX   rsumsqX
   item_indexqKX   endedq	âX   stream_resetq
âub.Äctensorwatch.lv_types
StreamItem
q )Åq}q(X   valueqKMzÜqX	   exceptionqNX   stream_nameqX   isumsqX
   item_indexqKX   endedq	âX   stream_resetq
âub.Äctensorwatch.lv_types
StreamItem
q )Åq}q(X   valueqKJ@π ÜqX	   exceptionqNX   stream_nameqX   rsumsqX
   item_indexqKX   endedq	âX   stream_resetq
âub.Äctensorwatch.lv_types
StreamItem
q )Åq}q(X   valueqKMñÜqX	   exceptionqNX   stream_nameqX   isumsqX
   item_indexqKX   endedq	âX   stream_resetq
âub.Äctensorwatch.lv_types
StreamItem
q )Åq}q(X   valueqKJ⁄é≈ ÜqX	   exceptionqNX   stream_nameqX   rsumsqX
   item_indexqKX   endedq	âX   stream_resetq
âub.Äctensorwatch.lv_types
StreamItem
q )Åq}q(X   valueqKM≥ÜqX	   exceptionqNX   stream_nameqX   isumsqX
   item_indexqKX   endedq	âX   stream_resetq
âub.Äctensorwatch.lv_types
StreamItem
q )Åq}q(X   valueqKJWN« ÜqX	   exceptionqNX   stream_nameqX   rsumsqX
   item_indexqKX   endedq	âX   stream_resetq
âub.Äctensorwatch.lv_types
StreamItem
q )Åq}q(X   valueqKM—ÜqX	   exceptionqNX   stream_nameqX   isumsqX
   item_indexqKX   endedq	âX   stream_resetq
âub.Äctensorwatch.lv_types
StreamItem
q )Åq}q(X   valueqKJ;Ï… ÜqX	   exceptionqNX   stream_nameqX   rsumsqX
   item_indexqKX   endedq	âX   stream_resetq
âub.Äctensorwatch.lv_types
StreamItem
q )Åq}q(X   valueqKMÜqX	   exceptionqNX   stream_nameqX   isumsqX
   item_indexqKX   endedq	âX   stream_resetq
âub.Äctensorwatch.lv_types
StreamItem
q )Åq}q(X   valueqKJ>Ã ÜqX	   exceptionqNX   stream_nameqX   rsumsqX
   item_indexqKX   endedq	âX   stream_resetq
âub.Äctensorwatch.lv_types
StreamItem
q )Åq}q(X   valueqK MÜqX	   exceptionqNX   stream_nameqX   isumsqX
   item_indexqK X   endedq	âX   stream_resetq
âub.Äctensorwatch.lv_types
StreamItem
q )Åq}q(X   valueqK JcJ◊ ÜqX	   exceptionqNX   stream_nameqX   rsumsqX
   item_indexqK X   endedq	âX   stream_resetq
âub.Äctensorwatch.lv_types
StreamItem
q )Åq}q(X   valueqK!M1ÜqX	   exceptionqNX   stream_nameqX   isumsqX
   item_indexqK!X   endedq	âX   stream_resetq
âub.Äctensorwatch.lv_types
StreamItem
q )Åq}q(X   valueqK!JdH‚ ÜqX	   exceptionqNX   stream_nameqX   rsumsqX
   item_indexqK!X   endedq	âX   stream_resetq
âub.Äctensorwatch.lv_types
StreamItem
q )Åq}q(X   valueqK"MSÜqX	   exceptionqNX   stream_nameqX   isumsqX
   item_indexqK"X   endedq	âX   stream_resetq
âub.Äctensorwatch.lv_types
StreamItem
q )Åq}q(X   valueqK"Jw§È ÜqX	   exceptionqNX   stream_nameqX   rsumsqX
   item_indexqK"X   endedq	âX   stream_resetq
âub.Äctensorwatch.lv_types
StreamItem
q )Åq}q(X   valueqK#MvÜqX	   exceptionqNX   stream_nameqX   isumsqX
   item_indexqK#X   endedq	âX   stream_resetq
âub.Äctensorwatch.lv_types
StreamItem
q )Åq}q(X   valueqK#J√Ó ÜqX	   exceptionqNX   stream_nameqX   rsumsqX
   item_indexqK#X   endedq	âX   stream_resetq
âub.Äctensorwatch.lv_types
StreamItem
q )Åq}q(X   valueqK$MöÜqX	   exceptionqNX   stream_nameqX   isumsqX
   item_indexqK$X   endedq	âX   stream_resetq
âub.Äctensorwatch.lv_types
StreamItem
q )Åq}q(X   valueqK$JCµÒ ÜqX	   exceptionqNX   stream_nameqX   rsumsqX
   item_indexqK$X   endedq	âX   stream_resetq
âub.Äctensorwatch.lv_types
StreamItem
q )Åq}q(X   valueqK%MøÜqX	   exceptionqNX   stream_nameqX   isumsqX
   item_indexqK%X   endedq	âX   stream_resetq
âub.Äctensorwatch.lv_types
StreamItem
q )Åq}q(X   valueqK%J∑Ïˆ ÜqX	   exceptionqNX   stream_nameqX   rsumsqX
   item_indexqK%X   endedq	âX   stream_resetq
âub.Äctensorwatch.lv_types
StreamItem
q )Åq}q(X   valueqK&MÂÜqX	   exceptionqNX   stream_nameqX   isumsqX
   item_indexqK&X   endedq	âX   stream_resetq
âub.Äctensorwatch.lv_types
StreamItem
q )Åq}q(X   valueqK&Jó7¸ ÜqX	   exceptionqNX   stream_nameqX   rsumsqX
   item_indexqK&X   endedq	âX   stream_resetq
âub.Äctensorwatch.lv_types
StreamItem
q )Åq}q(X   valueqK'MÜqX	   exceptionqNX   stream_nameqX   isumsqX
   item_indexqK'X   endedq	âX   stream_resetq
âub.Äctensorwatch.lv_types
StreamItem
q )Åq}q(X   valueqK'J÷>¸ ÜqX	   exceptionqNX   stream_nameqX   rsumsqX
   item_indexqK'X   endedq	âX   stream_resetq
âub.Äctensorwatch.lv_types
StreamItem
q )Åq}q(X   valueqK(M4ÜqX	   exceptionqNX   stream_nameqX   isumsqX
   item_indexqK(X   endedq	âX   stream_resetq
âub.Äctensorwatch.lv_types
StreamItem
q )Åq}q(X   valueqK(JÒ“¸ ÜqX	   exceptionqNX   stream_nameqX   rsumsqX
   item_indexqK(X   endedq	âX   stream_resetq
âub.Äctensorwatch.lv_types
StreamItem
q )Åq}q(X   valueqK)M]ÜqX	   exceptionqNX   stream_nameqX   isumsqX
   item_indexqK)X   endedq	âX   stream_resetq
âub.Äctensorwatch.lv_types
StreamItem
q )Åq}q(X   valueqK)Jäg˛ ÜqX	   exceptionqNX   stream_nameqX   rsumsqX
   item_indexqK)X   endedq	âX   stream_resetq
âub.Äctensorwatch.lv_types
StreamItem
q )Åq}q(X   valueqK*MáÜqX	   exceptionqNX   stream_nameqX   isumsqX
   item_indexqK*X   endedq	âX   stream_resetq
âub.Äctensorwatch.lv_types
StreamItem
q )Åq}q(X   valueqK*J(“ ÜqX	   exceptionqNX   stream_nameqX   rsumsqX
   item_indexqK*X   endedq	âX   stream_resetq
âub.Äctensorwatch.lv_types
StreamItem
q )Åq}q(X   valueqK+M≤ÜqX	   exceptionqNX   stream_nameqX   isumsqX
   item_indexqK+X   endedq	âX   stream_resetq
âub.Äctensorwatch.lv_types
StreamItem
q )Åq}q(X   valueqK+J”ˆ	ÜqX	   exceptionqNX   stream_nameqX   rsumsqX
   item_indexqK+X   endedq	âX   stream_resetq
âub.Äctensorwatch.lv_types
StreamItem
q )Åq}q(X   valueqK,MﬁÜqX	   exceptionqNX   stream_nameqX   isumsqX
   item_indexqK,X   endedq	âX   stream_resetq
âub.Äctensorwatch.lv_types
StreamItem
q )Åq}q(X   valueqK,JÀ4ÜqX	   exceptionqNX   stream_nameqX   rsumsqX
   item_indexqK,X   endedq	âX   stream_resetq
âub.Äctensorwatch.lv_types
StreamItem
q )Åq}q(X   valueqK-MÜqX	   exceptionqNX   stream_nameqX   isumsqX
   item_indexqK-X   endedq	âX   stream_resetq
âub.Äctensorwatch.lv_types
StreamItem
q )Åq}q(X   valueqK-JJ“ÜqX	   exceptionqNX   stream_nameqX   rsumsqX
   item_indexqK-X   endedq	âX   stream_resetq
âub.Äctensorwatch.lv_types
StreamItem
q )Åq}q(X   valueqK.M9ÜqX	   exceptionqNX   stream_nameqX   isumsqX
   item_indexqK.X   endedq	âX   stream_resetq
âub.Äctensorwatch.lv_types
StreamItem
q )Åq}q(X   valueqK.J¡ÜqX	   exceptionqNX   stream_nameqX   rsumsqX
   item_indexqK.X   endedq	âX   stream_resetq
âub.Äctensorwatch.lv_types
StreamItem
q )Åq}q(X   valueqK/MhÜqX	   exceptionqNX   stream_nameqX   isumsqX
   item_indexqK/X   endedq	âX   stream_resetq
âub.Äctensorwatch.lv_types
StreamItem
q )Åq}q(X   valueqK/JÑ¸ÜqX	   exceptionqNX   stream_nameqX   rsumsqX
   item_indexqK/X   endedq	âX   stream_resetq
âub.Äctensorwatch.lv_types
StreamItem
q )Åq}q(X   valueqK0MòÜqX	   exceptionqNX   stream_nameqX   isumsqX
   item_indexqK0X   endedq	âX   stream_resetq
âub.Äctensorwatch.lv_types
StreamItem
q )Åq}q(X   valueqK0J˙X"ÜqX	   exceptionqNX   stream_nameqX   rsumsqX
   item_indexqK0X   endedq	âX   stream_resetq
âub.Äctensorwatch.lv_types
StreamItem
q )Åq}q(X   valueqK1M…ÜqX	   exceptionqNX   stream_nameqX   isumsqX
   item_indexqK1X   endedq	âX   stream_resetq
âub.Äctensorwatch.lv_types
StreamItem
q )Åq}q(X   valueqK1J⁄/)ÜqX	   exceptionqNX   stream_nameqX   rsumsqX
   item_indexqK1X   endedq	âX   stream_resetq
âub.Äctensorwatch.lv_types
StreamItem
q )Åq}q(X   valueqK2M˚ÜqX	   exceptionqNX   stream_nameqX   isumsqX
   item_indexqK2X   endedq	âX   stream_resetq
âub.Äctensorwatch.lv_types
StreamItem
q )Åq}q(X   valueqK2Jƒ4ÜqX	   exceptionqNX   stream_nameqX   rsumsqX
   item_indexqK2X   endedq	âX   stream_resetq
âub.Äctensorwatch.lv_types
StreamItem
q )Åq}q(X   valueqK3M.ÜqX	   exceptionqNX   stream_nameqX   isumsqX
   item_indexqK3X   endedq	âX   stream_resetq
âub.Äctensorwatch.lv_types
StreamItem
q )Åq}q(X   valueqK3JºrBÜqX	   exceptionqNX   stream_nameqX   rsumsqX
   item_indexqK3X   endedq	âX   stream_resetq
âub.Äctensorwatch.lv_types
StreamItem
q )Åq}q(X   valueqK4MbÜqX	   exceptionqNX   stream_nameqX   isumsqX
   item_indexqK4X   endedq	âX   stream_resetq
âub.Äctensorwatch.lv_types
StreamItem
q )Åq}q(X   valueqK4J˜NCÜqX	   exceptionqNX   stream_nameqX   rsumsqX
   item_indexqK4X   endedq	âX   stream_resetq
âub.Äctensorwatch.lv_types
StreamItem
q )Åq}q(X   valueqK5MóÜqX	   exceptionqNX   stream_nameqX   isumsqX
   item_indexqK5X   endedq	âX   stream_resetq
âub.Äctensorwatch.lv_types
StreamItem
q )Åq}q(X   valueqK5J2ØMÜqX	   exceptionqNX   stream_nameqX   rsumsqX
   item_indexqK5X   endedq	âX   stream_resetq
âub.Äctensorwatch.lv_types
StreamItem
q )Åq}q(X   valueqK6MÕÜqX	   exceptionqNX   stream_nameqX   isumsqX
   item_indexqK6X   endedq	âX   stream_resetq
âub.Äctensorwatch.lv_types
StreamItem
q )Åq}q(X   valueqK6JoÌNÜqX	   exceptionqNX   stream_nameqX   rsumsqX
   item_indexqK6X   endedq	âX   stream_resetq
âub.Äctensorwatch.lv_types
StreamItem
q )Åq}q(X   valueqK7MÜqX	   exceptionqNX   stream_nameqX   isumsqX
   item_indexqK7X   endedq	âX   stream_resetq
âub.Äctensorwatch.lv_types
StreamItem
q )Åq}q(X   valueqK7JéTÜqX	   exceptionqNX   stream_nameqX   rsumsqX
   item_indexqK7X   endedq	âX   stream_resetq
âub.Äctensorwatch.lv_types
StreamItem
q )Åq}q(X   valueqK8M<ÜqX	   exceptionqNX   stream_nameqX   isumsqX
   item_indexqK8X   endedq	âX   stream_resetq
âub.Äctensorwatch.lv_types
StreamItem
q )Åq}q(X   valueqK8Jµ!TÜqX	   exceptionqNX   stream_nameqX   rsumsqX
   item_indexqK8X   endedq	âX   stream_resetq
âub.Äctensorwatch.lv_types
StreamItem
q )Åq}q(X   valueqK9MuÜqX	   exceptionqNX   stream_nameqX   isumsqX
   item_indexqK9X   endedq	âX   stream_resetq
âub.Äctensorwatch.lv_types
StreamItem
q )Åq}q(X   valueqK9J…7aÜqX	   exceptionqNX   stream_nameqX   rsumsqX
   item_indexqK9X   endedq	âX   stream_resetq
âub.Äctensorwatch.lv_types
StreamItem
q )Åq}q(X   valueqK:MØÜqX	   exceptionqNX   stream_nameqX   isumsqX
   item_indexqK:X   endedq	âX   stream_resetq
âub.Äctensorwatch.lv_types
StreamItem
q )Åq}q(X   valueqK:JòeÜqX	   exceptionqNX   stream_nameqX   rsumsqX
   item_indexqK:X   endedq	âX   stream_resetq
âub.Äctensorwatch.lv_types
StreamItem
q )Åq}q(X   valueqK;MÍÜqX	   exceptionqNX   stream_nameqX   isumsqX
   item_indexqK;X   endedq	âX   stream_resetq
âub.Äctensorwatch.lv_types
StreamItem
q )Åq}q(X   valueqK;Je6fÜqX	   exceptionqNX   stream_nameqX   rsumsqX
   item_indexqK;X   endedq	âX   stream_resetq
âub.Äctensorwatch.lv_types
StreamItem
q )Åq}q(X   valueqK<M&ÜqX	   exceptionqNX   stream_nameqX   isumsqX
   item_indexqK<X   endedq	âX   stream_resetq
âub.Äctensorwatch.lv_types
StreamItem
q )Åq}q(X   valueqK<JXXjÜqX	   exceptionqNX   stream_nameqX   rsumsqX
   item_indexqK<X   endedq	âX   stream_resetq
âub.Äctensorwatch.lv_types
StreamItem
q )Åq}q(X   valueqK=McÜqX	   exceptionqNX   stream_nameqX   isumsqX
   item_indexqK=X   endedq	âX   stream_resetq
âub.Äctensorwatch.lv_types
StreamItem
q )Åq}q(X   valueqK=JuUmÜqX	   exceptionqNX   stream_nameqX   rsumsqX
   item_indexqK=X   endedq	âX   stream_resetq
âub.Äctensorwatch.lv_types
StreamItem
q )Åq}q(X   valueqK>M°ÜqX	   exceptionqNX   stream_nameqX   isumsqX
   item_indexqK>X   endedq	âX   stream_resetq
âub.Äctensorwatch.lv_types
StreamItem
q )Åq}q(X   valueqK>Jø˙yÜqX	   exceptionqNX   stream_nameqX   rsumsqX
   item_indexqK>X   endedq	âX   stream_resetq
âub.Äctensorwatch.lv_types
StreamItem
q )Åq}q(X   valueqK?M‡ÜqX	   exceptionqNX   stream_nameqX   isumsqX
   item_indexqK?X   endedq	âX   stream_resetq
âub.Äctensorwatch.lv_types
StreamItem
q )Åq}q(X   valueqK?JEÜqX	   exceptionqNX   stream_nameqX   rsumsqX
   item_indexqK?X   endedq	âX   stream_resetq
âub.Äctensorwatch.lv_types
StreamItem
q )Åq}q(X   valueqK@M ÜqX	   exceptionqNX   stream_nameqX   isumsqX
   item_indexqK@X   endedq	âX   stream_resetq
âub.Äctensorwatch.lv_types
StreamItem
q )Åq}q(X   valueqK@J∏◊äÜqX	   exceptionqNX   stream_nameqX   rsumsqX
   item_indexqK@X   endedq	âX   stream_resetq
âub.Äctensorwatch.lv_types
StreamItem
q )Åq}q(X   valueqKAMaÜqX	   exceptionqNX   stream_nameqX   isumsqX
   item_indexqKAX   endedq	âX   stream_resetq
âub.Äctensorwatch.lv_types
StreamItem
q )Åq}q(X   valueqKAJ±ÖîÜqX	   exceptionqNX   stream_nameqX   rsumsqX
   item_indexqKAX   endedq	âX   stream_resetq
âub.Äctensorwatch.lv_types
StreamItem
q )Åq}q(X   valueqKBM£ÜqX	   exceptionqNX   stream_nameqX   isumsqX
   item_indexqKBX   endedq	âX   stream_resetq
âub.Äctensorwatch.lv_types
StreamItem
q )Åq}q(X   valueqKBJ—ÅôÜqX	   exceptionqNX   stream_nameqX   rsumsqX
   item_indexqKBX   endedq	âX   stream_resetq
âub.Äctensorwatch.lv_types
StreamItem
q )Åq}q(X   valueqKCMÊÜqX	   exceptionqNX   stream_nameqX   isumsqX
   item_indexqKCX   endedq	âX   stream_resetq
âub.Äctensorwatch.lv_types
StreamItem
q )Åq}q(X   valueqKCJ=A¶ÜqX	   exceptionqNX   stream_nameqX   rsumsqX
   item_indexqKCX   endedq	âX   stream_resetq
âub.Äctensorwatch.lv_types
StreamItem
q )Åq}q(X   valueqKDM*	ÜqX	   exceptionqNX   stream_nameqX   isumsqX
   item_indexqKDX   endedq	âX   stream_resetq
âub.Äctensorwatch.lv_types
StreamItem
q )Åq}q(X   valueqKDJ©5®ÜqX	   exceptionqNX   stream_nameqX   rsumsqX
   item_indexqKDX   endedq	âX   stream_resetq
âub.Äctensorwatch.lv_types
StreamItem
q )Åq}q(X   valueqKEMo	ÜqX	   exceptionqNX   stream_nameqX   isumsqX
   item_indexqKEX   endedq	âX   stream_resetq
âub.Äctensorwatch.lv_types
StreamItem
q )Åq}q(X   valueqKEJ7˘≠ÜqX	   exceptionqNX   stream_nameqX   rsumsqX
   item_indexqKEX   endedq	âX   stream_resetq
âub.Äctensorwatch.lv_types
StreamItem
q )Åq}q(X   valueqKFMµ	ÜqX	   exceptionqNX   stream_nameqX   isumsqX
   item_indexqKFX   endedq	âX   stream_resetq
âub.Äctensorwatch.lv_types
StreamItem
q )Åq}q(X   valueqKFJ'ûµÜqX	   exceptionqNX   stream_nameqX   rsumsqX
   item_indexqKFX   endedq	âX   stream_resetq
âub.Äctensorwatch.lv_types
StreamItem
q )Åq}q(X   valueqKGM¸	ÜqX	   exceptionqNX   stream_nameqX   isumsqX
   item_indexqKGX   endedq	âX   stream_resetq
âub.Äctensorwatch.lv_types
StreamItem
q )Åq}q(X   valueqKGJ"A∂ÜqX	   exceptionqNX   stream_nameqX   rsumsqX
   item_indexqKGX   endedq	âX   stream_resetq
âub.Äctensorwatch.lv_types
StreamItem
q )Åq}q(X   valueqKHMD
ÜqX	   exceptionqNX   stream_nameqX   isumsqX
   item_indexqKHX   endedq	âX   stream_resetq
âub.Äctensorwatch.lv_types
StreamItem
q )Åq}q(X   valueqKHJŸ'ªÜqX	   exceptionqNX   stream_nameqX   rsumsqX
   item_indexqKHX   endedq	âX   stream_resetq
âub.Äctensorwatch.lv_types
StreamItem
q )Åq}q(X   valueqKIMç
ÜqX	   exceptionqNX   stream_nameqX   isumsqX
   item_indexqKIX   endedq	âX   stream_resetq
âub.Äctensorwatch.lv_types
StreamItem
q )Åq}q(X   valueqKIJfLæÜqX	   exceptionqNX   stream_nameqX   rsumsqX
   item_indexqKIX   endedq	âX   stream_resetq
âub.Äctensorwatch.lv_types
StreamItem
q )Åq}q(X   valueqKJM◊
ÜqX	   exceptionqNX   stream_nameqX   isumsqX
   item_indexqKJX   endedq	âX   stream_resetq
âub.Äctensorwatch.lv_types
StreamItem
q )Åq}q(X   valueqKJJÃ
¡ÜqX	   exceptionqNX   stream_nameqX   rsumsqX
   item_indexqKJX   endedq	âX   stream_resetq
âub.Äctensorwatch.lv_types
StreamItem
q )Åq}q(X   valueqKKM"ÜqX	   exceptionqNX   stream_nameqX   isumsqX
   item_indexqKKX   endedq	âX   stream_resetq
âub.Äctensorwatch.lv_types
StreamItem
q )Åq}q(X   valueqKKJkRÃÜqX	   exceptionqNX   stream_nameqX   rsumsqX
   item_indexqKKX   endedq	âX   stream_resetq
âub.Äctensorwatch.lv_types
StreamItem
q )Åq}q(X   valueqKLMnÜqX	   exceptionqNX   stream_nameqX   isumsqX
   item_indexqKLX   endedq	âX   stream_resetq
âub.Äctensorwatch.lv_types
StreamItem
q )Åq}q(X   valueqKLJ}º–ÜqX	   exceptionqNX   stream_nameqX   rsumsqX
   item_indexqKLX   endedq	âX   stream_resetq
âub.Äctensorwatch.lv_types
StreamItem
q )Åq}q(X   valueqKMMªÜqX	   exceptionqNX   stream_nameqX   isumsqX
   item_indexqKMX   endedq	âX   stream_resetq
âub.Äctensorwatch.lv_types
StreamItem
q )Åq}q(X   valueqKMJgˆÿÜqX	   exceptionqNX   stream_nameqX   rsumsqX
   item_indexqKMX   endedq	âX   stream_resetq
âub.Äctensorwatch.lv_types
StreamItem
q )Åq}q(X   valueqKNM	ÜqX	   exceptionqNX   stream_nameqX   isumsqX
   item_indexqKNX   endedq	âX   stream_resetq
âub.Äctensorwatch.lv_types
StreamItem
q )Åq}q(X   valueqKNJ±s‚ÜqX	   exceptionqNX   stream_nameqX   rsumsqX
   item_indexqKNX   endedq	âX   stream_resetq
âub.Äctensorwatch.lv_types
StreamItem
q )Åq}q(X   valueqKOMXÜqX	   exceptionqNX   stream_nameqX   isumsqX
   item_indexqKOX   endedq	âX   stream_resetq
âub.Äctensorwatch.lv_types
StreamItem
q )Åq}q(X   valueqKOJtÈÜqX	   exceptionqNX   stream_nameqX   rsumsqX
   item_indexqKOX   endedq	âX   stream_resetq
âub.Äctensorwatch.lv_types
StreamItem
q )Åq}q(X   valueqKPM®ÜqX	   exceptionqNX   stream_nameqX   isumsqX
   item_indexqKPX   endedq	âX   stream_resetq
âub.Äctensorwatch.lv_types
StreamItem
q )Åq}q(X   valueqKPJ,´ˆÜqX	   exceptionqNX   stream_nameqX   rsumsqX
   item_indexqKPX   endedq	âX   stream_resetq
âub.Äctensorwatch.lv_types
StreamItem
q )Åq}q(X   valueqKQM˘ÜqX	   exceptionqNX   stream_nameqX   isumsqX
   item_indexqKQX   endedq	âX   stream_resetq
âub.Äctensorwatch.lv_types
StreamItem
q )Åq}q(X   valueqKQJv¯ÜqX	   exceptionqNX   stream_nameqX   rsumsqX
   item_indexqKQX   endedq	âX   stream_resetq
âub.Äctensorwatch.lv_types
StreamItem
q )Åq}q(X   valueqKRMKÜqX	   exceptionqNX   stream_nameqX   isumsqX
   item_indexqKRX   endedq	âX   stream_resetq
âub.Äctensorwatch.lv_types
StreamItem
q )Åq}q(X   valueqKRJZH˛ÜqX	   exceptionqNX   stream_nameqX   rsumsqX
   item_indexqKRX   endedq	âX   stream_resetq
âub.Äctensorwatch.lv_types
StreamItem
q )Åq}q(X   valueqKSMûÜqX	   exceptionqNX   stream_nameqX   isumsqX
   item_indexqKSX   endedq	âX   stream_resetq
âub.Äctensorwatch.lv_types
StreamItem
q )Åq}q(X   valueqKSJi‘ÜqX	   exceptionqNX   stream_nameqX   rsumsqX
   item_indexqKSX   endedq	âX   stream_resetq
âub.Äctensorwatch.lv_types
StreamItem
q )Åq}q(X   valueqKTMÚÜqX	   exceptionqNX   stream_nameqX   isumsqX
   item_indexqKTX   endedq	âX   stream_resetq
âub.Äctensorwatch.lv_types
StreamItem
q )Åq}q(X   valueqKTJﬂ€ÜqX	   exceptionqNX   stream_nameqX   rsumsqX
   item_indexqKTX   endedq	âX   stream_resetq
âub.Äctensorwatch.lv_types
StreamItem
q )Åq}q(X   valueqKUMGÜqX	   exceptionqNX   stream_nameqX   isumsqX
   item_indexqKUX   endedq	âX   stream_resetq
âub.Äctensorwatch.lv_types
StreamItem
q )Åq}q(X   valueqKUJS´ÜqX	   exceptionqNX   stream_nameqX   rsumsqX
   item_indexqKUX   endedq	âX   stream_resetq
âub.Äctensorwatch.lv_types
StreamItem
q )Åq}q(X   valueqKVMùÜqX	   exceptionqNX   stream_nameqX   isumsqX
   item_indexqKVX   endedq	âX   stream_resetq
âub.Äctensorwatch.lv_types
StreamItem
q )Åq}q(X   valueqKVJiÊ"ÜqX	   exceptionqNX   stream_nameqX   rsumsqX
   item_indexqKVX   endedq	âX   stream_resetq
âub.Äctensorwatch.lv_types
StreamItem
q )Åq}q(X   valueqKWMÙÜqX	   exceptionqNX   stream_nameqX   isumsqX
   item_indexqKWX   endedq	âX   stream_resetq
âub.Äctensorwatch.lv_types
StreamItem
q )Åq}q(X   valueqKWJﬁ≥)ÜqX	   exceptionqNX   stream_nameqX   rsumsqX
   item_indexqKWX   endedq	âX   stream_resetq
âub.Äctensorwatch.lv_types
StreamItem
q )Åq}q(X   valueqKXMLÜqX	   exceptionqNX   stream_nameqX   isumsqX
   item_indexqKXX   endedq	âX   stream_resetq
âub.Äctensorwatch.lv_types
StreamItem
q )Åq}q(X   valueqKXJQ=.ÜqX	   exceptionqNX   stream_nameqX   rsumsqX
   item_indexqKXX   endedq	âX   stream_resetq
âub.Äctensorwatch.lv_types
StreamItem
q )Åq}q(X   valueqKYM•ÜqX	   exceptionqNX   stream_nameqX   isumsqX
   item_indexqKYX   endedq	âX   stream_resetq
âub.Äctensorwatch.lv_types
StreamItem
q )Åq}q(X   valueqKYJÖ21ÜqX	   exceptionqNX   stream_nameqX   rsumsqX
   item_indexqKYX   endedq	âX   stream_resetq
âub.Äctensorwatch.lv_types
StreamItem
q )Åq}q(X   valueqKZMˇÜqX	   exceptionqNX   stream_nameqX   isumsqX
   item_indexqKZX   endedq	âX   stream_resetq
âub.Äctensorwatch.lv_types
StreamItem
q )Åq}q(X   valueqKZJî09ÜqX	   exceptionqNX   stream_nameqX   rsumsqX
   item_indexqKZX   endedq	âX   stream_resetq
âub.Äctensorwatch.lv_types
StreamItem
q )Åq}q(X   valueqK[MZÜqX	   exceptionqNX   stream_nameqX   isumsqX
   item_indexqK[X   endedq	âX   stream_resetq
âub.Äctensorwatch.lv_types
StreamItem
q )Åq}q(X   valueqK[J`Ë@ÜqX	   exceptionqNX   stream_nameqX   rsumsqX
   item_indexqK[X   endedq	âX   stream_resetq
âub.Äctensorwatch.lv_types
StreamItem
q )Åq}q(X   valueqK\M∂ÜqX	   exceptionqNX   stream_nameqX   isumsqX
   item_indexqK\X   endedq	âX   stream_resetq
âub.Äctensorwatch.lv_types
StreamItem
q )Åq}q(X   valueqK\JU|KÜqX	   exceptionqNX   stream_nameqX   rsumsqX
   item_indexqK\X   endedq	âX   stream_resetq
âub.Äctensorwatch.lv_types
StreamItem
q )Åq}q(X   valueqK]MÜqX	   exceptionqNX   stream_nameqX   isumsqX
   item_indexqK]X   endedq	âX   stream_resetq
âub.Äctensorwatch.lv_types
StreamItem
q )Åq}q(X   valueqK]Jö•LÜqX	   exceptionqNX   stream_nameqX   rsumsqX
   item_indexqK]X   endedq	âX   stream_resetq
âub.Äctensorwatch.lv_types
StreamItem
q )Åq}q(X   valueqK^MqÜqX	   exceptionqNX   stream_nameqX   isumsqX
   item_indexqK^X   endedq	âX   stream_resetq
âub.Äctensorwatch.lv_types
StreamItem
q )Åq}q(X   valueqK^Jﬁ®LÜqX	   exceptionqNX   stream_nameqX   rsumsqX
   item_indexqK^X   endedq	âX   stream_resetq
âub.Äctensorwatch.lv_types
StreamItem
q )Åq}q(X   valueqK_M–ÜqX	   exceptionqNX   stream_nameqX   isumsqX
   item_indexqK_X   endedq	âX   stream_resetq
âub.Äctensorwatch.lv_types
StreamItem
q )Åq}q(X   valueqK_J+MSÜqX	   exceptionqNX   stream_nameqX   rsumsqX
   item_indexqK_X   endedq	âX   stream_resetq
âub.Äctensorwatch.lv_types
StreamItem
q )Åq}q(X   valueqK`M0ÜqX	   exceptionqNX   stream_nameqX   isumsqX
   item_indexqK`X   endedq	âX   stream_resetq
âub.Äctensorwatch.lv_types
StreamItem
q )Åq}q(X   valueqK`J$¿[ÜqX	   exceptionqNX   stream_nameqX   rsumsqX
   item_indexqK`X   endedq	âX   stream_resetq
âub.Äctensorwatch.lv_types
StreamItem
q )Åq}q(X   valueqKaMëÜqX	   exceptionqNX   stream_nameqX   isumsqX
   item_indexqKaX   endedq	âX   stream_resetq
âub.Äctensorwatch.lv_types
StreamItem
q )Åq}q(X   valueqKaJE\ÜqX	   exceptionqNX   stream_nameqX   rsumsqX
   item_indexqKaX   endedq	âX   stream_resetq
âub.Äctensorwatch.lv_types
StreamItem
q )Åq}q(X   valueqKbMÛÜqX	   exceptionqNX   stream_nameqX   isumsqX
   item_indexqKbX   endedq	âX   stream_resetq
âub.Äctensorwatch.lv_types
StreamItem
q )Åq}q(X   valueqKbJöñeÜqX	   exceptionqNX   stream_nameqX   rsumsqX
   item_indexqKbX   endedq	âX   stream_resetq
âub.Äctensorwatch.lv_types
StreamItem
q )Åq}q(X   valueqKcMVÜqX	   exceptionqNX   stream_nameqX   isumsqX
   item_indexqKcX   endedq	âX   stream_resetq
âub.Äctensorwatch.lv_types
StreamItem
q )Åq}q(X   valueqKcJ◊⁄iÜqX	   exceptionqNX   stream_nameqX   rsumsqX
   item_indexqKcX   endedq	âX   stream_resetq
âub.Äctensorwatch.lv_types
StreamItem
q )Åq}q(X   valueqKdM∫ÜqX	   exceptionqNX   stream_nameqX   isumsqX
   item_indexqKdX   endedq	âX   stream_resetq
âub.Äctensorwatch.lv_types
StreamItem
q )Åq}q(X   valueqKdJÆkÜqX	   exceptionqNX   stream_nameqX   rsumsqX
   item_indexqKdX   endedq	âX   stream_resetq
âub.Äctensorwatch.lv_types
StreamItem
q )Åq}q(X   valueqKeMÜqX	   exceptionqNX   stream_nameqX   isumsqX
   item_indexqKeX   endedq	âX   stream_resetq
âub.Äctensorwatch.lv_types
StreamItem
q )Åq}q(X   valueqKeJÕövÜqX	   exceptionqNX   stream_nameqX   rsumsqX
   item_indexqKeX   endedq	âX   stream_resetq
âub.Äctensorwatch.lv_types
StreamItem
q )Åq}q(X   valueqKfMÖÜqX	   exceptionqNX   stream_nameqX   isumsqX
   item_indexqKfX   endedq	âX   stream_resetq
âub.Äctensorwatch.lv_types
StreamItem
q )Åq}q(X   valueqKfJ/·{ÜqX	   exceptionqNX   stream_nameqX   rsumsqX
   item_indexqKfX   endedq	âX   stream_resetq
âub.Äctensorwatch.lv_types
StreamItem
q )Åq}q(X   valueqKgMÏÜqX	   exceptionqNX   stream_nameqX   isumsqX
   item_indexqKgX   endedq	âX   stream_resetq
âub.Äctensorwatch.lv_types
StreamItem
q )Åq}q(X   valueqKgJfÄÜqX	   exceptionqNX   stream_nameqX   rsumsqX
   item_indexqKgX   endedq	âX   stream_resetq
âub.Äctensorwatch.lv_types
StreamItem
q )Åq}q(X   valueqKhMTÜqX	   exceptionqNX   stream_nameqX   isumsqX
   item_indexqKhX   endedq	âX   stream_resetq
âub.Äctensorwatch.lv_types
StreamItem
q )Åq}q(X   valueqKhJIçÜqX	   exceptionqNX   stream_nameqX   rsumsqX
   item_indexqKhX   endedq	âX   stream_resetq
âub.Äctensorwatch.lv_types
StreamItem
q )Åq}q(X   valueqKiMΩÜqX	   exceptionqNX   stream_nameqX   isumsqX
   item_indexqKiX   endedq	âX   stream_resetq
âub.Äctensorwatch.lv_types
StreamItem
q )Åq}q(X   valueqKiJB
ìÜqX	   exceptionqNX   stream_nameqX   rsumsqX
   item_indexqKiX   endedq	âX   stream_resetq
âub.Äctensorwatch.lv_types
StreamItem
q )Åq}q(X   valueqKjM'ÜqX	   exceptionqNX   stream_nameqX   isumsqX
   item_indexqKjX   endedq	âX   stream_resetq
âub.Äctensorwatch.lv_types
StreamItem
q )Åq}q(X   valueqKjJpöÜqX	   exceptionqNX   stream_nameqX   rsumsqX
   item_indexqKjX   endedq	âX   stream_resetq
âub.Äctensorwatch.lv_types
StreamItem
q )Åq}q(X   valueqKkMíÜqX	   exceptionqNX   stream_nameqX   isumsqX
   item_indexqKkX   endedq	âX   stream_resetq
âub.Äctensorwatch.lv_types
StreamItem
q )Åq}q(X   valueqKkJÁÌ£ÜqX	   exceptionqNX   stream_nameqX   rsumsqX
   item_indexqKkX   endedq	âX   stream_resetq
âub.Äctensorwatch.lv_types
StreamItem
q )Åq}q(X   valueqKlM˛ÜqX	   exceptionqNX   stream_nameqX   isumsqX
   item_indexqKlX   endedq	âX   stream_resetq
âub.Äctensorwatch.lv_types
StreamItem
q )Åq}q(X   valueqKlJ‹≠ÜqX	   exceptionqNX   stream_nameqX   rsumsqX
   item_indexqKlX   endedq	âX   stream_resetq
âub.Äctensorwatch.lv_types
StreamItem
q )Åq}q(X   valueqKmMkÜqX	   exceptionqNX   stream_nameqX   isumsqX
   item_indexqKmX   endedq	âX   stream_resetq
âub.Äctensorwatch.lv_types
StreamItem
q )Åq}q(X   valueqKmJëV∑ÜqX	   exceptionqNX   stream_nameqX   rsumsqX
   item_indexqKmX   endedq	âX   stream_resetq
âub.Äctensorwatch.lv_types
StreamItem
q )Åq}q(X   valueqKnMŸÜqX	   exceptionqNX   stream_nameqX   isumsqX
   item_indexqKnX   endedq	âX   stream_resetq
âub.Äctensorwatch.lv_types
StreamItem
q )Åq}q(X   valueqKnJN≈ÜqX	   exceptionqNX   stream_nameqX   rsumsqX
   item_indexqKnX   endedq	âX   stream_resetq
âub.Äctensorwatch.lv_types
StreamItem
q )Åq}q(X   valueqKoMHÜqX	   exceptionqNX   stream_nameqX   isumsqX
   item_indexqKoX   endedq	âX   stream_resetq
âub.Äctensorwatch.lv_types
StreamItem
q )Åq}q(X   valueqKoJÁO»ÜqX	   exceptionqNX   stream_nameqX   rsumsqX
   item_indexqKoX   endedq	âX   stream_resetq
âub.Äctensorwatch.lv_types
StreamItem
q )Åq}q(X   valueqKpM∏ÜqX	   exceptionqNX   stream_nameqX   isumsqX
   item_indexqKpX   endedq	âX   stream_resetq
âub.Äctensorwatch.lv_types
StreamItem
q )Åq}q(X   valueqKpJÅÍ”ÜqX	   exceptionqNX   stream_nameqX   rsumsqX
   item_indexqKpX   endedq	âX   stream_resetq
âub.Äctensorwatch.lv_types
StreamItem
q )Åq}q(X   valueqKqM)ÜqX	   exceptionqNX   stream_nameqX   isumsqX
   item_indexqKqX   endedq	âX   stream_resetq
âub.Äctensorwatch.lv_types
StreamItem
q )Åq}q(X   valueqKqJeØ⁄ÜqX	   exceptionqNX   stream_nameqX   rsumsqX
   item_indexqKqX   endedq	âX   stream_resetq
âub.Äctensorwatch.lv_types
StreamItem
q )Åq}q(X   valueqKrMõÜqX	   exceptionqNX   stream_nameqX   isumsqX
   item_indexqKrX   endedq	âX   stream_resetq
âub.Äctensorwatch.lv_types
StreamItem
q )Åq}q(X   valueqKrJîÊÜqX	   exceptionqNX   stream_nameqX   rsumsqX
   item_indexqKrX   endedq	âX   stream_resetq
âub.Äctensorwatch.lv_types
StreamItem
q )Åq}q(X   valueqKsMÜqX	   exceptionqNX   stream_nameqX   isumsqX
   item_indexqKsX   endedq	âX   stream_resetq
âub.Äctensorwatch.lv_types
StreamItem
q )Åq}q(X   valueqKsJàJÁÜqX	   exceptionqNX   stream_nameqX   rsumsqX
   item_indexqKsX   endedq	âX   stream_resetq
âub.Äctensorwatch.lv_types
StreamItem
q )Åq}q(X   valueqKtMÇÜqX	   exceptionqNX   stream_nameqX   isumsqX
   item_indexqKtX   endedq	âX   stream_resetq
âub.Äctensorwatch.lv_types
StreamItem
q )Åq}q(X   valueqKtJ¬ÂÈÜqX	   exceptionqNX   stream_nameqX   rsumsqX
   item_indexqKtX   endedq	âX   stream_resetq
âub.Äctensorwatch.lv_types
StreamItem
q )Åq}q(X   valueqKuM˜ÜqX	   exceptionqNX   stream_nameqX   isumsqX
   item_indexqKuX   endedq	âX   stream_resetq
âub.Äctensorwatch.lv_types
StreamItem
q )Åq}q(X   valueqKuJG®ÚÜqX	   exceptionqNX   stream_nameqX   rsumsqX
   item_indexqKuX   endedq	âX   stream_resetq
âub.Äctensorwatch.lv_types
StreamItem
q )Åq}q(X   valueqKvMmÜqX	   exceptionqNX   stream_nameqX   isumsqX
   item_indexqKvX   endedq	âX   stream_resetq
âub.Äctensorwatch.lv_types
StreamItem
q )Åq}q(X   valueqKvJ!ˇÜqX	   exceptionqNX   stream_nameqX   rsumsqX
   item_indexqKvX   endedq	âX   stream_resetq
âub.Äctensorwatch.lv_types
StreamItem
q )Åq}q(X   valueqKwM‰ÜqX	   exceptionqNX   stream_nameqX   isumsqX
   item_indexqKwX   endedq	âX   stream_resetq
âub.Äctensorwatch.lv_types
StreamItem
q )Åq}q(X   valueqKwJüGÜqX	   exceptionqNX   stream_nameqX   rsumsqX
   item_indexqKwX   endedq	âX   stream_resetq
âub.Äctensorwatch.lv_types
StreamItem
q )Åq}q(X   valueqKxM\ÜqX	   exceptionqNX   stream_nameqX   isumsqX
   item_indexqKxX   endedq	âX   stream_resetq
âub.Äctensorwatch.lv_types
StreamItem
q )Åq}q(X   valueqKxJ†/ÜqX	   exceptionqNX   stream_nameqX   rsumsqX
   item_indexqKxX   endedq	âX   stream_resetq
âub.Äctensorwatch.lv_types
StreamItem
q )Åq}q(X   valueqKyM’ÜqX	   exceptionqNX   stream_nameqX   isumsqX
   item_indexqKyX   endedq	âX   stream_resetq
âub.Äctensorwatch.lv_types
StreamItem
q )Åq}q(X   valueqKyJ∂πÜqX	   exceptionqNX   stream_nameqX   rsumsqX
   item_indexqKyX   endedq	âX   stream_resetq
âub.Äctensorwatch.lv_types
StreamItem
q )Åq}q(X   valueqKzMOÜqX	   exceptionqNX   stream_nameqX   isumsqX
   item_indexqKzX   endedq	âX   stream_resetq
âub.Äctensorwatch.lv_types
StreamItem
q )Åq}q(X   valueqKzJ"ÎÜqX	   exceptionqNX   stream_nameqX   rsumsqX
   item_indexqKzX   endedq	âX   stream_resetq
âub.Äctensorwatch.lv_types
StreamItem
q )Åq}q(X   valueqK{M ÜqX	   exceptionqNX   stream_nameqX   isumsqX
   item_indexqK{X   endedq	âX   stream_resetq
âub.Äctensorwatch.lv_types
StreamItem
q )Åq}q(X   valueqK{JaçÜqX	   exceptionqNX   stream_nameqX   rsumsqX
   item_indexqK{X   endedq	âX   stream_resetq
âub.Äctensorwatch.lv_types
StreamItem
q )Åq}q(X   valueqK|MFÜqX	   exceptionqNX   stream_nameqX   isumsqX
   item_indexqK|X   endedq	âX   stream_resetq
âub.Äctensorwatch.lv_types
StreamItem
q )Åq}q(X   valueqK|JÜqX	   exceptionqNX   stream_nameqX   rsumsqX
   item_indexqK|X   endedq	âX   stream_resetq
âub.Äctensorwatch.lv_types
StreamItem
q )Åq}q(X   valueqK}M√ÜqX	   exceptionqNX   stream_nameqX   isumsqX
   item_indexqK}X   endedq	âX   stream_resetq
âub.Äctensorwatch.lv_types
StreamItem
q )Åq}q(X   valueqK}J¢´#ÜqX	   exceptionqNX   stream_nameqX   rsumsqX
   item_indexqK}X   endedq	âX   stream_resetq
âub.Äctensorwatch.lv_types
StreamItem
q )Åq}q(X   valueqK~MAÜqX	   exceptionqNX   stream_nameqX   isumsqX
   item_indexqK~X   endedq	âX   stream_resetq
âub.Äctensorwatch.lv_types
StreamItem
q )Åq}q(X   valueqK~JnÌ0ÜqX	   exceptionqNX   stream_nameqX   rsumsqX
   item_indexqK~X   endedq	âX   stream_resetq
âub.Äctensorwatch.lv_types
StreamItem
q )Åq}q(X   valueqKM¿ÜqX	   exceptionqNX   stream_nameqX   isumsqX
   item_indexqKX   endedq	âX   stream_resetq
âub.Äctensorwatch.lv_types
StreamItem
q )Åq}q(X   valueqKJËJ>ÜqX	   exceptionqNX   stream_nameqX   rsumsqX
   item_indexqKX   endedq	âX   stream_resetq
âub.Äctensorwatch.lv_types
StreamItem
q )Åq}q(X   valueqKÄM@ ÜqX	   exceptionqNX   stream_nameqX   isumsqX
   item_indexqKÄX   endedq	âX   stream_resetq
âub.Äctensorwatch.lv_types
StreamItem
q )Åq}q(X   valueqKÄJgBBÜqX	   exceptionqNX   stream_nameqX   rsumsqX
   item_indexqKÄX   endedq	âX   stream_resetq
âub.Äctensorwatch.lv_types
StreamItem
q )Åq}q(X   valueqKÅM¡ ÜqX	   exceptionqNX   stream_nameqX   isumsqX
   item_indexqKÅX   endedq	âX   stream_resetq
âub.Äctensorwatch.lv_types
StreamItem
q )Åq}q(X   valueqKÅJ„EÜqX	   exceptionqNX   stream_nameqX   rsumsqX
   item_indexqKÅX   endedq	âX   stream_resetq
âub.Äctensorwatch.lv_types
StreamItem
q )Åq}q(X   valueqKÇMC!ÜqX	   exceptionqNX   stream_nameqX   isumsqX
   item_indexqKÇX   endedq	âX   stream_resetq
âub.Äctensorwatch.lv_types
StreamItem
q )Åq}q(X   valueqKÇJ°—OÜqX	   exceptionqNX   stream_nameqX   rsumsqX
   item_indexqKÇX   endedq	âX   stream_resetq
âub.Äctensorwatch.lv_types
StreamItem
q )Åq}q(X   valueqKÉM∆!ÜqX	   exceptionqNX   stream_nameqX   isumsqX
   item_indexqKÉX   endedq	âX   stream_resetq
âub.Äctensorwatch.lv_types
StreamItem
q )Åq}q(X   valueqKÉJúòUÜqX	   exceptionqNX   stream_nameqX   rsumsqX
   item_indexqKÉX   endedq	âX   stream_resetq
âub.Äctensorwatch.lv_types
StreamItem
q )Åq}q(X   valueqKÑMJ"ÜqX	   exceptionqNX   stream_nameqX   isumsqX
   item_indexqKÑX   endedq	âX   stream_resetq
âub.Äctensorwatch.lv_types
StreamItem
q )Åq}q(X   valueqKÑJ† XÜqX	   exceptionqNX   stream_nameqX   rsumsqX
   item_indexqKÑX   endedq	âX   stream_resetq
âub.Äctensorwatch.lv_types
StreamItem
q )Åq}q(X   valueqKÖMœ"ÜqX	   exceptionqNX   stream_nameqX   isumsqX
   item_indexqKÖX   endedq	âX   stream_resetq
âub.Äctensorwatch.lv_types
StreamItem
q )Åq}q(X   valueqKÖJæNeÜqX	   exceptionqNX   stream_nameqX   rsumsqX
   item_indexqKÖX   endedq	âX   stream_resetq
âub.Äctensorwatch.lv_types
StreamItem
q )Åq}q(X   valueqKÜMU#ÜqX	   exceptionqNX   stream_nameqX   isumsqX
   item_indexqKÜX   endedq	âX   stream_resetq
âub.Äctensorwatch.lv_types
StreamItem
q )Åq}q(X   valueqKÜJ≤àkÜqX	   exceptionqNX   stream_nameqX   rsumsqX
   item_indexqKÜX   endedq	âX   stream_resetq
âub.Äctensorwatch.lv_types
StreamItem
q )Åq}q(X   valueqKáM‹#ÜqX	   exceptionqNX   stream_nameqX   isumsqX
   item_indexqKáX   endedq	âX   stream_resetq
âub.Äctensorwatch.lv_types
StreamItem
q )Åq}q(X   valueqKáJíuÜqX	   exceptionqNX   stream_nameqX   rsumsqX
   item_indexqKáX   endedq	âX   stream_resetq
âub.Äctensorwatch.lv_types
StreamItem
q )Åq}q(X   valueqKàMd$ÜqX	   exceptionqNX   stream_nameqX   isumsqX
   item_indexqKàX   endedq	âX   stream_resetq
âub.Äctensorwatch.lv_types
StreamItem
q )Åq}q(X   valueqKàJo]~ÜqX	   exceptionqNX   stream_nameqX   rsumsqX
   item_indexqKàX   endedq	âX   stream_resetq
âub.Äctensorwatch.lv_types
StreamItem
q )Åq}q(X   valueqKâMÌ$ÜqX	   exceptionqNX   stream_nameqX   isumsqX
   item_indexqKâX   endedq	âX   stream_resetq
âub.Äctensorwatch.lv_types
StreamItem
q )Åq}q(X   valueqKâJª4äÜqX	   exceptionqNX   stream_nameqX   rsumsqX
   item_indexqKâX   endedq	âX   stream_resetq
âub.Äctensorwatch.lv_types
StreamItem
q )Åq}q(X   valueqKäMw%ÜqX	   exceptionqNX   stream_nameqX   isumsqX
   item_indexqKäX   endedq	âX   stream_resetq
âub.Äctensorwatch.lv_types
StreamItem
q )Åq}q(X   valueqKäJÓ√ãÜqX	   exceptionqNX   stream_nameqX   rsumsqX
   item_indexqKäX   endedq	âX   stream_resetq
âub.Äctensorwatch.lv_types
StreamItem
q )Åq}q(X   valueqKãM&ÜqX	   exceptionqNX   stream_nameqX   isumsqX
   item_indexqKãX   endedq	âX   stream_resetq
âub.Äctensorwatch.lv_types
StreamItem
q )Åq}q(X   valueqKãJ¨∫åÜqX	   exceptionqNX   stream_nameqX   rsumsqX
   item_indexqKãX   endedq	âX   stream_resetq
âub.Äctensorwatch.lv_types
StreamItem
q )Åq}q(X   valueqKåMé&ÜqX	   exceptionqNX   stream_nameqX   isumsqX
   item_indexqKåX   endedq	âX   stream_resetq
âub.Äctensorwatch.lv_types
StreamItem
q )Åq}q(X   valueqKåJÒlìÜqX	   exceptionqNX   stream_nameqX   rsumsqX
   item_indexqKåX   endedq	âX   stream_resetq
âub.Äctensorwatch.lv_types
StreamItem
q )Åq}q(X   valueqKçM'ÜqX	   exceptionqNX   stream_nameqX   isumsqX
   item_indexqKçX   endedq	âX   stream_resetq
âub.Äctensorwatch.lv_types
StreamItem
q )Åq}q(X   valueqKçJ7üÜqX	   exceptionqNX   stream_nameqX   rsumsqX
   item_indexqKçX   endedq	âX   stream_resetq
âub.Äctensorwatch.lv_types
StreamItem
q )Åq}q(X   valueqKéM©'ÜqX	   exceptionqNX   stream_nameqX   isumsqX
   item_indexqKéX   endedq	âX   stream_resetq
âub.Äctensorwatch.lv_types
StreamItem
q )Åq}q(X   valueqKéJfπßÜqX	   exceptionqNX   stream_nameqX   rsumsqX
   item_indexqKéX   endedq	âX   stream_resetq
âub.Äctensorwatch.lv_types
StreamItem
q )Åq}q(X   valueqKèM8(ÜqX	   exceptionqNX   stream_nameqX   isumsqX
   item_indexqKèX   endedq	âX   stream_resetq
âub.Äctensorwatch.lv_types
StreamItem
q )Åq}q(X   valueqKèJ’5ØÜqX	   exceptionqNX   stream_nameqX   rsumsqX
   item_indexqKèX   endedq	âX   stream_resetq
âub.Äctensorwatch.lv_types
StreamItem
q )Åq}q(X   valueqKêM»(ÜqX	   exceptionqNX   stream_nameqX   isumsqX
   item_indexqKêX   endedq	âX   stream_resetq
âub.Äctensorwatch.lv_types
StreamItem
q )Åq}q(X   valueqKêJ•¨∂ÜqX	   exceptionqNX   stream_nameqX   rsumsqX
   item_indexqKêX   endedq	âX   stream_resetq
âub.Äctensorwatch.lv_types
StreamItem
q )Åq}q(X   valueqKëMY)ÜqX	   exceptionqNX   stream_nameqX   isumsqX
   item_indexqKëX   endedq	âX   stream_resetq
âub.Äctensorwatch.lv_types
StreamItem
q )Åq}q(X   valueqKëJ+∆√ÜqX	   exceptionqNX   stream_nameqX   rsumsqX
   item_indexqKëX   endedq	âX   stream_resetq
âub.Äctensorwatch.lv_types
StreamItem
q )Åq}q(X   valueqKíMÎ)ÜqX	   exceptionqNX   stream_nameqX   isumsqX
   item_indexqKíX   endedq	âX   stream_resetq
âub.Äctensorwatch.lv_types
StreamItem
q )Åq}q(X   valueqKíJ√Ê√ÜqX	   exceptionqNX   stream_nameqX   rsumsqX
   item_indexqKíX   endedq	âX   stream_resetq
âub.Äctensorwatch.lv_types
StreamItem
q )Åq}q(X   valueqKìM~*ÜqX	   exceptionqNX   stream_nameqX   isumsqX
   item_indexqKìX   endedq	âX   stream_resetq
âub.Äctensorwatch.lv_types
StreamItem
q )Åq}q(X   valueqKìJª»ÜqX	   exceptionqNX   stream_nameqX   rsumsqX
   item_indexqKìX   endedq	âX   stream_resetq
âub.Äctensorwatch.lv_types
StreamItem
q )Åq}q(X   valueqKîM+ÜqX	   exceptionqNX   stream_nameqX   isumsqX
   item_indexqKîX   endedq	âX   stream_resetq
âub.Äctensorwatch.lv_types
StreamItem
q )Åq}q(X   valueqKîJáË“ÜqX	   exceptionqNX   stream_nameqX   rsumsqX
   item_indexqKîX   endedq	âX   stream_resetq
âub.Äctensorwatch.lv_types
StreamItem
q )Åq}q(X   valueqKïMß+ÜqX	   exceptionqNX   stream_nameqX   isumsqX
   item_indexqKïX   endedq	âX   stream_resetq
âub.Äctensorwatch.lv_types
StreamItem
q )Åq}q(X   valueqKïJ!’ﬂÜqX	   exceptionqNX   stream_nameqX   rsumsqX
   item_indexqKïX   endedq	âX   stream_resetq
âub.Äctensorwatch.lv_types
StreamItem
q )Åq}q(X   valueqKñM=,ÜqX	   exceptionqNX   stream_nameqX   isumsqX
   item_indexqKñX   endedq	âX   stream_resetq
âub.Äctensorwatch.lv_types
StreamItem
q )Åq}q(X   valueqKñJˇøÊÜqX	   exceptionqNX   stream_nameqX   rsumsqX
   item_indexqKñX   endedq	âX   stream_resetq
âub.Äctensorwatch.lv_types
StreamItem
q )Åq}q(X   valueqKóM‘,ÜqX	   exceptionqNX   stream_nameqX   isumsqX
   item_indexqKóX   endedq	âX   stream_resetq
âub.Äctensorwatch.lv_types
StreamItem
q )Åq}q(X   valueqKóJÃÍÜqX	   exceptionqNX   stream_nameqX   rsumsqX
   item_indexqKóX   endedq	âX   stream_resetq
âub.Äctensorwatch.lv_types
StreamItem
q )Åq}q(X   valueqKòMl-ÜqX	   exceptionqNX   stream_nameqX   isumsqX
   item_indexqKòX   endedq	âX   stream_resetq
âub.Äctensorwatch.lv_types
StreamItem
q )Åq}q(X   valueqKòJÙ”ıÜqX	   exceptionqNX   stream_nameqX   rsumsqX
   item_indexqKòX   endedq	âX   stream_resetq
âub.Äctensorwatch.lv_types
StreamItem
q )Åq}q(X   valueqKôM.ÜqX	   exceptionqNX   stream_nameqX   isumsqX
   item_indexqKôX   endedq	âX   stream_resetq
âub.Äctensorwatch.lv_types
StreamItem
q )Åq}q(X   valueqKôJÇÿ˘ÜqX	   exceptionqNX   stream_nameqX   rsumsqX
   item_indexqKôX   endedq	âX   stream_resetq
âub.Äctensorwatch.lv_types
StreamItem
q )Åq}q(X   valueqKöMü.ÜqX	   exceptionqNX   stream_nameqX   isumsqX
   item_indexqKöX   endedq	âX   stream_resetq
âub.Äctensorwatch.lv_types
StreamItem
q )Åq}q(X   valueqKöJ¿˜˚ÜqX	   exceptionqNX   stream_nameqX   rsumsqX
   item_indexqKöX   endedq	âX   stream_resetq
âub.Äctensorwatch.lv_types
StreamItem
q )Åq}q(X   valueqKõM:/ÜqX	   exceptionqNX   stream_nameqX   isumsqX
   item_indexqKõX   endedq	âX   stream_resetq
âub.Äctensorwatch.lv_types
StreamItem
q )Åq}q(X   valueqKõJ∑πÜqX	   exceptionqNX   stream_nameqX   rsumsqX
   item_indexqKõX   endedq	âX   stream_resetq
âub.Äctensorwatch.lv_types
StreamItem
q )Åq}q(X   valueqKúM÷/ÜqX	   exceptionqNX   stream_nameqX   isumsqX
   item_indexqKúX   endedq	âX   stream_resetq
âub.Äctensorwatch.lv_types
StreamItem
q )Åq}q(X   valueqKúJÖ≠ÜqX	   exceptionqNX   stream_nameqX   rsumsqX
   item_indexqKúX   endedq	âX   stream_resetq
âub.Äctensorwatch.lv_types
StreamItem
q )Åq}q(X   valueqKùMs0ÜqX	   exceptionqNX   stream_nameqX   isumsqX
   item_indexqKùX   endedq	âX   stream_resetq
âub.Äctensorwatch.lv_types
StreamItem
q )Åq}q(X   valueqKùJU-ÜqX	   exceptionqNX   stream_nameqX   rsumsqX
   item_indexqKùX   endedq	âX   stream_resetq
âub.Äctensorwatch.lv_types
StreamItem
q )Åq}q(X   valueqKûM1ÜqX	   exceptionqNX   stream_nameqX   isumsqX
   item_indexqKûX   endedq	âX   stream_resetq
âub.Äctensorwatch.lv_types
StreamItem
q )Åq}q(X   valueqKûJ§B ÜqX	   exceptionqNX   stream_nameqX   rsumsqX
   item_indexqKûX   endedq	âX   stream_resetq
âub.Äctensorwatch.lv_types
StreamItem
q )Åq}q(X   valueqKüM∞1ÜqX	   exceptionqNX   stream_nameqX   isumsqX
   item_indexqKüX   endedq	âX   stream_resetq
âub.Äctensorwatch.lv_types
StreamItem
q )Åq}q(X   valueqKüJG∫)ÜqX	   exceptionqNX   stream_nameqX   rsumsqX
   item_indexqKüX   endedq	âX   stream_resetq
âub.Äctensorwatch.lv_types
StreamItem
q )Åq}q(X   valueqK†MP2ÜqX	   exceptionqNX   stream_nameqX   isumsqX
   item_indexqK†X   endedq	âX   stream_resetq
âub.Äctensorwatch.lv_types
StreamItem
q )Åq}q(X   valueqK†Jq,ÜqX	   exceptionqNX   stream_nameqX   rsumsqX
   item_indexqK†X   endedq	âX   stream_resetq
âub.Äctensorwatch.lv_types
StreamItem
q )Åq}q(X   valueqK°MÒ2ÜqX	   exceptionqNX   stream_nameqX   isumsqX
   item_indexqK°X   endedq	âX   stream_resetq
âub.Äctensorwatch.lv_types
StreamItem
q )Åq}q(X   valueqK°J¨.ÜqX	   exceptionqNX   stream_nameqX   rsumsqX
   item_indexqK°X   endedq	âX   stream_resetq
âub.Äctensorwatch.lv_types
StreamItem
q )Åq}q(X   valueqK¢Mì3ÜqX	   exceptionqNX   stream_nameqX   isumsqX
   item_indexqK¢X   endedq	âX   stream_resetq
âub.Äctensorwatch.lv_types
StreamItem
q )Åq}q(X   valueqK¢J.·2ÜqX	   exceptionqNX   stream_nameqX   rsumsqX
   item_indexqK¢X   endedq	âX   stream_resetq
âub.Äctensorwatch.lv_types
StreamItem
q )Åq}q(X   valueqK£M64ÜqX	   exceptionqNX   stream_nameqX   isumsqX
   item_indexqK£X   endedq	âX   stream_resetq
âub.Äctensorwatch.lv_types
StreamItem
q )Åq}q(X   valueqK£Jg 8ÜqX	   exceptionqNX   stream_nameqX   rsumsqX
   item_indexqK£X   endedq	âX   stream_resetq
âub.Äctensorwatch.lv_types
StreamItem
q )Åq}q(X   valueqK§M⁄4ÜqX	   exceptionqNX   stream_nameqX   isumsqX
   item_indexqK§X   endedq	âX   stream_resetq
âub.Äctensorwatch.lv_types
StreamItem
q )Åq}q(X   valueqK§J®q8ÜqX	   exceptionqNX   stream_nameqX   rsumsqX
   item_indexqK§X   endedq	âX   stream_resetq
âub.Äctensorwatch.lv_types
StreamItem
q )Åq}q(X   valueqK•M5ÜqX	   exceptionqNX   stream_nameqX   isumsqX
   item_indexqK•X   endedq	âX   stream_resetq
âub.Äctensorwatch.lv_types
StreamItem
q )Åq}q(X   valueqK•J„?ÜqX	   exceptionqNX   stream_nameqX   rsumsqX
   item_indexqK•X   endedq	âX   stream_resetq
âub.Äctensorwatch.lv_types
StreamItem
q )Åq}q(X   valueqK¶M%6ÜqX	   exceptionqNX   stream_nameqX   isumsqX
   item_indexqK¶X   endedq	âX   stream_resetq
âub.Äctensorwatch.lv_types
StreamItem
q )Åq}q(X   valueqK¶J-Ω@ÜqX	   exceptionqNX   stream_nameqX   rsumsqX
   item_indexqK¶X   endedq	âX   stream_resetq
âub.Äctensorwatch.lv_types
StreamItem
q )Åq}q(X   valueqKßMÃ6ÜqX	   exceptionqNX   stream_nameqX   isumsqX
   item_indexqKßX   endedq	âX   stream_resetq
âub.Äctensorwatch.lv_types
StreamItem
q )Åq}q(X   valueqKßJ4ñAÜqX	   exceptionqNX   stream_nameqX   rsumsqX
   item_indexqKßX   endedq	âX   stream_resetq
âub.Äctensorwatch.lv_types
StreamItem
q )Åq}q(X   valueqK®Mt7ÜqX	   exceptionqNX   stream_nameqX   isumsqX
   item_indexqK®X   endedq	âX   stream_resetq
âub.Äctensorwatch.lv_types
StreamItem
q )Åq}q(X   valueqK®JJDÜqX	   exceptionqNX   stream_nameqX   rsumsqX
   item_indexqK®X   endedq	âX   stream_resetq
âub.Äctensorwatch.lv_types
StreamItem
q )Åq}q(X   valueqK©M8ÜqX	   exceptionqNX   stream_nameqX   isumsqX
   item_indexqK©X   endedq	âX   stream_resetq
âub.Äctensorwatch.lv_types
StreamItem
q )Åq}q(X   valueqK©J“ÓMÜqX	   exceptionqNX   stream_nameqX   rsumsqX
   item_indexqK©X   endedq	âX   stream_resetq
âub.Äctensorwatch.lv_types
StreamItem
q )Åq}q(X   valueqK™M«8ÜqX	   exceptionqNX   stream_nameqX   isumsqX
   item_indexqK™X   endedq	âX   stream_resetq
âub.Äctensorwatch.lv_types
StreamItem
q )Åq}q(X   valueqK™J29PÜqX	   exceptionqNX   stream_nameqX   rsumsqX
   item_indexqK™X   endedq	âX   stream_resetq
âub.Äctensorwatch.lv_types
StreamItem
q )Åq}q(X   valueqK´Mr9ÜqX	   exceptionqNX   stream_nameqX   isumsqX
   item_indexqK´X   endedq	âX   stream_resetq
âub.Äctensorwatch.lv_types
StreamItem
q )Åq}q(X   valueqK´J/ZÜqX	   exceptionqNX   stream_nameqX   rsumsqX
   item_indexqK´X   endedq	âX   stream_resetq
âub.Äctensorwatch.lv_types
StreamItem
q )Åq}q(X   valueqK¨M:ÜqX	   exceptionqNX   stream_nameqX   isumsqX
   item_indexqK¨X   endedq	âX   stream_resetq
âub.Äctensorwatch.lv_types
StreamItem
q )Åq}q(X   valueqK¨J:ÉaÜqX	   exceptionqNX   stream_nameqX   rsumsqX
   item_indexqK¨X   endedq	âX   stream_resetq
âub.Äctensorwatch.lv_types
StreamItem
q )Åq}q(X   valueqK≠MÀ:ÜqX	   exceptionqNX   stream_nameqX   isumsqX
   item_indexqK≠X   endedq	âX   stream_resetq
âub.Äctensorwatch.lv_types
StreamItem
q )Åq}q(X   valueqK≠J«2dÜqX	   exceptionqNX   stream_nameqX   rsumsqX
   item_indexqK≠X   endedq	âX   stream_resetq
âub.Äctensorwatch.lv_types
StreamItem
q )Åq}q(X   valueqKÆMy;ÜqX	   exceptionqNX   stream_nameqX   isumsqX
   item_indexqKÆX   endedq	âX   stream_resetq
âub.Äctensorwatch.lv_types
StreamItem
q )Åq}q(X   valueqKÆJGzfÜqX	   exceptionqNX   stream_nameqX   rsumsqX
   item_indexqKÆX   endedq	âX   stream_resetq
âub.Äctensorwatch.lv_types
StreamItem
q )Åq}q(X   valueqKØM(<ÜqX	   exceptionqNX   stream_nameqX   isumsqX
   item_indexqKØX   endedq	âX   stream_resetq
âub.Äctensorwatch.lv_types
StreamItem
q )Åq}q(X   valueqKØJp$mÜqX	   exceptionqNX   stream_nameqX   rsumsqX
   item_indexqKØX   endedq	âX   stream_resetq
âub.Äctensorwatch.lv_types
StreamItem
q )Åq}q(X   valueqK∞Mÿ<ÜqX	   exceptionqNX   stream_nameqX   isumsqX
   item_indexqK∞X   endedq	âX   stream_resetq
âub.Äctensorwatch.lv_types
StreamItem
q )Åq}q(X   valueqK∞Jó2qÜqX	   exceptionqNX   stream_nameqX   rsumsqX
   item_indexqK∞X   endedq	âX   stream_resetq
âub.Äctensorwatch.lv_types
StreamItem
q )Åq}q(X   valueqK±Mâ=ÜqX	   exceptionqNX   stream_nameqX   isumsqX
   item_indexqK±X   endedq	âX   stream_resetq
âub.Äctensorwatch.lv_types
StreamItem
q )Åq}q(X   valueqK±J†˜qÜqX	   exceptionqNX   stream_nameqX   rsumsqX
   item_indexqK±X   endedq	âX   stream_resetq
âub.Äctensorwatch.lv_types
StreamItem
q )Åq}q(X   valueqK≤M;>ÜqX	   exceptionqNX   stream_nameqX   isumsqX
   item_indexqK≤X   endedq	âX   stream_resetq
âub.Äctensorwatch.lv_types
StreamItem
q )Åq}q(X   valueqK≤J
sÜqX	   exceptionqNX   stream_nameqX   rsumsqX
   item_indexqK≤X   endedq	âX   stream_resetq
âub.Äctensorwatch.lv_types
StreamItem
q )Åq}q(X   valueqK≥MÓ>ÜqX	   exceptionqNX   stream_nameqX   isumsqX
   item_indexqK≥X   endedq	âX   stream_resetq
âub.Äctensorwatch.lv_types
StreamItem
q )Åq}q(X   valueqK≥J.xÜqX	   exceptionqNX   stream_nameqX   rsumsqX
   item_indexqK≥X   endedq	âX   stream_resetq
âub.Äctensorwatch.lv_types
StreamItem
q )Åq}q(X   valueqK¥M¢?ÜqX	   exceptionqNX   stream_nameqX   isumsqX
   item_indexqK¥X   endedq	âX   stream_resetq
âub.Äctensorwatch.lv_types
StreamItem
q )Åq}q(X   valueqK¥Jà¿ÄÜqX	   exceptionqNX   stream_nameqX   rsumsqX
   item_indexqK¥X   endedq	âX   stream_resetq
âub.Äctensorwatch.lv_types
StreamItem
q )Åq}q(X   valueqKµMW@ÜqX	   exceptionqNX   stream_nameqX   isumsqX
   item_indexqKµX   endedq	âX   stream_resetq
âub.Äctensorwatch.lv_types
StreamItem
q )Åq}q(X   valueqKµJ∑:ÖÜqX	   exceptionqNX   stream_nameqX   rsumsqX
   item_indexqKµX   endedq	âX   stream_resetq
âub.